<html>
<body>
<pre>
<h1>µVision Build Log</h1>
<h2>Tool Versions:</h2>
IDE-Version: ¦ÌVision V5.29.0.0
Copyright (C) 2019 ARM Ltd and ARM Germany GmbH. All rights reserved.
License Information: qq THINKPAD, qwe, LIC=FYKQD-8KQIW-LPEZV-P7RXE-1XVR7-VGURE
 
Tool Versions:
Toolchain:       MDK-ARM Plus  Version: 5.29.0.0
Toolchain Path:  D:\keil\ARM\ARMCC\Bin
C Compiler:      Armcc.exe V5.06 update 6 (build 750)
Assembler:       Armasm.exe V5.06 update 6 (build 750)
Linker/Locator:  ArmLink.exe V5.06 update 6 (build 750)
Library Manager: ArmAr.exe V5.06 update 6 (build 750)
Hex Converter:   FromElf.exe V5.06 update 6 (build 750)
CPU DLL:         SARMCM3.DLL V5.29.0.0
Dialog DLL:      DCM.DLL V1.17.3.0
Target DLL:      STLink\ST-LINKIII-KEIL_SWO.dll V3.0.7.0
Dialog DLL:      TCM.DLL V1.36.5.0
 
<h2>Project:</h2>
D:\Github\xj_code\xj-2022-11-29-\xj-2022-11-29\xj\MDK-ARM\charge_prj.uvprojx
Project File Date:  11/29/2022

<h2>Output:</h2>
*** Using Compiler 'V5.06 update 6 (build 750)', folder: 'D:\keil\ARM\ARMCC\Bin'
Build target 'charge_prj'
compiling main.c...
../Inc/main.h(223): warning:  #1295-D: Deprecated declaration usr_IWDG_Init - give arg types
  void usr_IWDG_Init();
../Inc/main.h(224): warning:  #1295-D: Deprecated declaration usr_GPIO_Init - give arg types
  void usr_GPIO_Init();
../Inc/mem/bsp_SpiFlash.h(59): warning:  #1-D: last line of file ends without a newline
  #endif
../Src/main.c(149): warning:  #223-D: function "Set_Fee" declared implicitly
  		Set_Fee();
../Src/main.c(1038): warning:  #177-D: variable "i"  was declared but never referenced
  	int i;
../Src/main.c(1039): warning:  #177-D: variable "Cvt_Data"  was declared but never referenced
  	uint16_t Cvt_Data;
../Src/main.c(1040): warning:  #177-D: variable "Cvt_TempData"  was declared but never referenced
  	uint32_t Cvt_TempData;
../Src/main.c(868): warning:  #177-D: function "MX_WWDG_Init"  was declared but never referenced
  static void MX_WWDG_Init(void)
../Src/main.c: 8 warnings, 0 errors
linking...
Program Size: Code=146560 RO-data=5272 RW-data=1016 ZI-data=62544  
FromELF: creating hex file...
After Build - User command #1: fromelf --bin --output .\Bin\charge_prj.bin .\charge_prj\charge_prj.axf
"charge_prj\charge_prj.axf" - 0 Error(s), 8 Warning(s).

<h2>Software Packages used:</h2>

Package Vendor: ARM
                http://www.keil.com/pack/ARM.CMSIS.5.6.0.pack
                ARM.CMSIS.5.6.0
                CMSIS (Cortex Microcontroller Software Interface Standard)
   * Component: CORE Version: 5.3.0

Package Vendor: Keil
                http://www.keil.com/pack/Keil.STM32F4xx_DFP.2.16.0.pack
                Keil.STM32F4xx_DFP.2.16.0
                STMicroelectronics STM32F4 Series Device Support, Drivers and Examples

<h2>Collection of Component include folders:</h2>
  .\RTE\_charge_prj
  D:\keil\ARM\CMSIS\5.6.0\CMSIS\Core\Include
  D:\keil\Keil\STM32F4xx_DFP\2.16.0\Drivers\CMSIS\Device\ST\STM32F4xx\Include

<h2>Collection of Component Files used:</h2>

   * Component: ARM::CMSIS:CORE:5.3.0
Build Time Elapsed:  00:00:18
</pre>
</body>
</html>
