<html>
<body>
<pre>
<h1>礦ision Build Log</h1>
<h2>Tool Versions:</h2>
IDE-Version: μVision V5.29.0.0
Copyright (C) 2019 ARM Ltd and ARM Germany GmbH. All rights reserved.
License Information: qq THINKPAD, qwe, LIC=FYKQD-8KQIW-LPEZV-P7RXE-1XVR7-VGURE
 
Tool Versions:
Toolchain:       MDK-ARM Plus  Version: 5.29.0.0
Toolchain Path:  D:\keil\ARM\ARMCC\Bin
C Compiler:      Armcc.exe V5.06 update 6 (build 750)
Assembler:       Armasm.exe V5.06 update 6 (build 750)
Linker/Locator:  ArmLink.exe V5.06 update 6 (build 750)
Library Manager: ArmAr.exe V5.06 update 6 (build 750)
Hex Converter:   FromElf.exe V5.06 update 6 (build 750)
CPU DLL:         SARMCM3.DLL V5.29.0.0
Dialog DLL:      DCM.DLL V1.17.3.0
Target DLL:      STLink\ST-LINKIII-KEIL_SWO.dll V3.0.7.0
Dialog DLL:      TCM.DLL V1.36.5.0
 
<h2>Project:</h2>
D:\xj\MDK-ARM\charge_prj.uvprojx
Project File Date:  11/18/2022

<h2>Output:</h2>
*** Using Compiler 'V5.06 update 6 (build 750)', folder: 'D:\keil\ARM\ARMCC\Bin'
Build target 'charge_prj'
compiling stm32f4xx_it.c...
../Inc/main.h(223): warning:  #1295-D: Deprecated declaration usr_IWDG_Init - give arg types
  void usr_IWDG_Init();
../Inc/main.h(224): warning:  #1295-D: Deprecated declaration usr_GPIO_Init - give arg types
  void usr_GPIO_Init();
../Src/stm32f4xx_it.c: 2 warnings, 0 errors
compiling stm32f4xx_hal_msp.c...
../Inc/main.h(223): warning:  #1295-D: Deprecated declaration usr_IWDG_Init - give arg types
  void usr_IWDG_Init();
../Inc/main.h(224): warning:  #1295-D: Deprecated declaration usr_GPIO_Init - give arg types
  void usr_GPIO_Init();
../Src/stm32f4xx_hal_msp.c: 2 warnings, 0 errors
compiling freertos.c...
../Inc/main.h(223): warning:  #1295-D: Deprecated declaration usr_IWDG_Init - give arg types
  void usr_IWDG_Init();
../Inc/main.h(224): warning:  #1295-D: Deprecated declaration usr_GPIO_Init - give arg types
  void usr_GPIO_Init();
../Src/freertos.c: 2 warnings, 0 errors
compiling auth.c...
../Inc/main.h(223): warning:  #1295-D: Deprecated declaration usr_IWDG_Init - give arg types
  void usr_IWDG_Init();
../Inc/main.h(224): warning:  #1295-D: Deprecated declaration usr_GPIO_Init - give arg types
  void usr_GPIO_Init();
../Middlewares/Third_Party/LwIP/src/netif/ppp/auth.c: 2 warnings, 0 errors
compiling ethernetif.c...
../Inc/main.h(223): warning:  #1295-D: Deprecated declaration usr_IWDG_Init - give arg types
  void usr_IWDG_Init();
../Inc/main.h(224): warning:  #1295-D: Deprecated declaration usr_GPIO_Init - give arg types
  void usr_GPIO_Init();
../Src/ethernetif.c: 2 warnings, 0 errors
compiling lwip.c...
../Inc/main.h(223): warning:  #1295-D: Deprecated declaration usr_IWDG_Init - give arg types
  void usr_IWDG_Init();
../Inc/main.h(224): warning:  #1295-D: Deprecated declaration usr_GPIO_Init - give arg types
  void usr_GPIO_Init();
../Src/lwip.c(135): warning:  #223-D: function "memcpy" declared implicitly
                memcpy((uint8*)pSysParam->LocalIp,(uint8*)iptab,4);
../Src/lwip.c(173): warning:  #223-D: function "dbg_printf" declared implicitly
                    dbg_printf(1,"auto ip %d.%d.%d.%d",TmpBuf[0] ,TmpBuf[1] , TmpBuf[2] ,TmpBuf[3] ); 
../Src/lwip.c: 4 warnings, 0 errors
compiling main.c...
../Inc/main.h(223): warning:  #1295-D: Deprecated declaration usr_IWDG_Init - give arg types
  void usr_IWDG_Init();
../Inc/main.h(224): warning:  #1295-D: Deprecated declaration usr_GPIO_Init - give arg types
  void usr_GPIO_Init();
../Inc/mem/bsp_SpiFlash.h(69): warning:  #1-D: last line of file ends without a newline
  #endif
../Src/main.c(147): warning:  #223-D: function "Set_Fee" declared implicitly
  		Set_Fee();
../Src/main.c(1030): warning:  #177-D: variable "i"  was declared but never referenced
  	int i;
../Src/main.c(1031): warning:  #177-D: variable "Cvt_Data"  was declared but never referenced
  	uint16_t Cvt_Data;
../Src/main.c(1032): warning:  #177-D: variable "Cvt_TempData"  was declared but never referenced
  	uint32_t Cvt_TempData;
../Src/main.c(1106): warning:  #550-D: variable "device_id"  was set but never used
  	uint16_t device_id = 0;
../Src/main.c(860): warning:  #177-D: function "MX_WWDG_Init"  was declared but never referenced
  static void MX_WWDG_Init(void)
../Src/main.c: 9 warnings, 0 errors
compiling ccp.c...
../Inc/main.h(223): warning:  #1295-D: Deprecated declaration usr_IWDG_Init - give arg types
  void usr_IWDG_Init();
../Inc/main.h(224): warning:  #1295-D: Deprecated declaration usr_GPIO_Init - give arg types
  void usr_GPIO_Init();
../Middlewares/Third_Party/LwIP/src/netif/ppp/ccp.c: 2 warnings, 0 errors
compiling chap-md5.c...
../Inc/main.h(223): warning:  #1295-D: Deprecated declaration usr_IWDG_Init - give arg types
  void usr_IWDG_Init();
../Inc/main.h(224): warning:  #1295-D: Deprecated declaration usr_GPIO_Init - give arg types
  void usr_GPIO_Init();
../Middlewares/Third_Party/LwIP/src/netif/ppp/chap-md5.c: 2 warnings, 0 errors
compiling chap_ms.c...
../Inc/main.h(223): warning:  #1295-D: Deprecated declaration usr_IWDG_Init - give arg types
  void usr_IWDG_Init();
../Inc/main.h(224): warning:  #1295-D: Deprecated declaration usr_GPIO_Init - give arg types
  void usr_GPIO_Init();
../Middlewares/Third_Party/LwIP/src/netif/ppp/chap_ms.c: 2 warnings, 0 errors
compiling chap-new.c...
../Inc/main.h(223): warning:  #1295-D: Deprecated declaration usr_IWDG_Init - give arg types
  void usr_IWDG_Init();
../Inc/main.h(224): warning:  #1295-D: Deprecated declaration usr_GPIO_Init - give arg types
  void usr_GPIO_Init();
../Middlewares/Third_Party/LwIP/src/netif/ppp/chap-new.c: 2 warnings, 0 errors
compiling eap.c...
../Inc/main.h(223): warning:  #1295-D: Deprecated declaration usr_IWDG_Init - give arg types
  void usr_IWDG_Init();
../Inc/main.h(224): warning:  #1295-D: Deprecated declaration usr_GPIO_Init - give arg types
  void usr_GPIO_Init();
../Middlewares/Third_Party/LwIP/src/netif/ppp/eap.c: 2 warnings, 0 errors
compiling demand.c...
../Inc/main.h(223): warning:  #1295-D: Deprecated declaration usr_IWDG_Init - give arg types
  void usr_IWDG_Init();
../Inc/main.h(224): warning:  #1295-D: Deprecated declaration usr_GPIO_Init - give arg types
  void usr_GPIO_Init();
../Middlewares/Third_Party/LwIP/src/netif/ppp/demand.c: 2 warnings, 0 errors
compiling eui64.c...
../Inc/main.h(223): warning:  #1295-D: Deprecated declaration usr_IWDG_Init - give arg types
  void usr_IWDG_Init();
../Inc/main.h(224): warning:  #1295-D: Deprecated declaration usr_GPIO_Init - give arg types
  void usr_GPIO_Init();
../Middlewares/Third_Party/LwIP/src/netif/ppp/eui64.c: 2 warnings, 0 errors
compiling fsm.c...
../Inc/main.h(223): warning:  #1295-D: Deprecated declaration usr_IWDG_Init - give arg types
  void usr_IWDG_Init();
../Inc/main.h(224): warning:  #1295-D: Deprecated declaration usr_GPIO_Init - give arg types
  void usr_GPIO_Init();
../Middlewares/Third_Party/LwIP/src/netif/ppp/fsm.c: 2 warnings, 0 errors
compiling ipv6cp.c...
../Inc/main.h(223): warning:  #1295-D: Deprecated declaration usr_IWDG_Init - give arg types
  void usr_IWDG_Init();
../Inc/main.h(224): warning:  #1295-D: Deprecated declaration usr_GPIO_Init - give arg types
  void usr_GPIO_Init();
../Middlewares/Third_Party/LwIP/src/netif/ppp/ipv6cp.c: 2 warnings, 0 errors
compiling ipcp.c...
../Inc/main.h(223): warning:  #1295-D: Deprecated declaration usr_IWDG_Init - give arg types
  void usr_IWDG_Init();
../Inc/main.h(224): warning:  #1295-D: Deprecated declaration usr_GPIO_Init - give arg types
  void usr_GPIO_Init();
../Middlewares/Third_Party/LwIP/src/netif/ppp/ipcp.c: 2 warnings, 0 errors
compiling multilink.c...
../Inc/main.h(223): warning:  #1295-D: Deprecated declaration usr_IWDG_Init - give arg types
  void usr_IWDG_Init();
../Inc/main.h(224): warning:  #1295-D: Deprecated declaration usr_GPIO_Init - give arg types
  void usr_GPIO_Init();
../Middlewares/Third_Party/LwIP/src/netif/ppp/multilink.c: 2 warnings, 0 errors
compiling lcp.c...
../Inc/main.h(223): warning:  #1295-D: Deprecated declaration usr_IWDG_Init - give arg types
  void usr_IWDG_Init();
../Inc/main.h(224): warning:  #1295-D: Deprecated declaration usr_GPIO_Init - give arg types
  void usr_GPIO_Init();
../Middlewares/Third_Party/LwIP/src/netif/ppp/lcp.c: 2 warnings, 0 errors
compiling magic.c...
../Inc/main.h(223): warning:  #1295-D: Deprecated declaration usr_IWDG_Init - give arg types
  void usr_IWDG_Init();
../Inc/main.h(224): warning:  #1295-D: Deprecated declaration usr_GPIO_Init - give arg types
  void usr_GPIO_Init();
../Middlewares/Third_Party/LwIP/src/netif/ppp/magic.c: 2 warnings, 0 errors
compiling mppe.c...
../Inc/main.h(223): warning:  #1295-D: Deprecated declaration usr_IWDG_Init - give arg types
  void usr_IWDG_Init();
../Inc/main.h(224): warning:  #1295-D: Deprecated declaration usr_GPIO_Init - give arg types
  void usr_GPIO_Init();
../Middlewares/Third_Party/LwIP/src/netif/ppp/mppe.c: 2 warnings, 0 errors
compiling pppos.c...
../Inc/main.h(223): warning:  #1295-D: Deprecated declaration usr_IWDG_Init - give arg types
  void usr_IWDG_Init();
../Inc/main.h(224): warning:  #1295-D: Deprecated declaration usr_GPIO_Init - give arg types
  void usr_GPIO_Init();
../Middlewares/Third_Party/LwIP/src/netif/ppp/pppos.c: 2 warnings, 0 errors
compiling pppapi.c...
../Inc/main.h(223): warning:  #1295-D: Deprecated declaration usr_IWDG_Init - give arg types
  void usr_IWDG_Init();
../Inc/main.h(224): warning:  #1295-D: Deprecated declaration usr_GPIO_Init - give arg types
  void usr_GPIO_Init();
../Middlewares/Third_Party/LwIP/src/netif/ppp/pppapi.c: 2 warnings, 0 errors
compiling pppoe.c...
../Inc/main.h(223): warning:  #1295-D: Deprecated declaration usr_IWDG_Init - give arg types
  void usr_IWDG_Init();
../Inc/main.h(224): warning:  #1295-D: Deprecated declaration usr_GPIO_Init - give arg types
  void usr_GPIO_Init();
../Middlewares/Third_Party/LwIP/src/netif/ppp/pppoe.c: 2 warnings, 0 errors
compiling pppcrypt.c...
../Inc/main.h(223): warning:  #1295-D: Deprecated declaration usr_IWDG_Init - give arg types
  void usr_IWDG_Init();
../Inc/main.h(224): warning:  #1295-D: Deprecated declaration usr_GPIO_Init - give arg types
  void usr_GPIO_Init();
../Middlewares/Third_Party/LwIP/src/netif/ppp/pppcrypt.c: 2 warnings, 0 errors
compiling pppol2tp.c...
../Inc/main.h(223): warning:  #1295-D: Deprecated declaration usr_IWDG_Init - give arg types
  void usr_IWDG_Init();
../Inc/main.h(224): warning:  #1295-D: Deprecated declaration usr_GPIO_Init - give arg types
  void usr_GPIO_Init();
../Middlewares/Third_Party/LwIP/src/netif/ppp/pppol2tp.c: 2 warnings, 0 errors
compiling ppp.c...
../Inc/main.h(223): warning:  #1295-D: Deprecated declaration usr_IWDG_Init - give arg types
  void usr_IWDG_Init();
../Inc/main.h(224): warning:  #1295-D: Deprecated declaration usr_GPIO_Init - give arg types
  void usr_GPIO_Init();
../Middlewares/Third_Party/LwIP/src/netif/ppp/ppp.c: 2 warnings, 0 errors
compiling upap.c...
../Inc/main.h(223): warning:  #1295-D: Deprecated declaration usr_IWDG_Init - give arg types
  void usr_IWDG_Init();
../Inc/main.h(224): warning:  #1295-D: Deprecated declaration usr_GPIO_Init - give arg types
  void usr_GPIO_Init();
../Middlewares/Third_Party/LwIP/src/netif/ppp/upap.c: 2 warnings, 0 errors
compiling vj.c...
../Inc/main.h(223): warning:  #1295-D: Deprecated declaration usr_IWDG_Init - give arg types
  void usr_IWDG_Init();
../Inc/main.h(224): warning:  #1295-D: Deprecated declaration usr_GPIO_Init - give arg types
  void usr_GPIO_Init();
../Middlewares/Third_Party/LwIP/src/netif/ppp/vj.c: 2 warnings, 0 errors
compiling utils.c...
../Inc/main.h(223): warning:  #1295-D: Deprecated declaration usr_IWDG_Init - give arg types
  void usr_IWDG_Init();
../Inc/main.h(224): warning:  #1295-D: Deprecated declaration usr_GPIO_Init - give arg types
  void usr_GPIO_Init();
../Middlewares/Third_Party/LwIP/src/netif/ppp/utils.c: 2 warnings, 0 errors
compiling lowpan6_ble.c...
../Inc/main.h(223): warning:  #1295-D: Deprecated declaration usr_IWDG_Init - give arg types
  void usr_IWDG_Init();
../Inc/main.h(224): warning:  #1295-D: Deprecated declaration usr_GPIO_Init - give arg types
  void usr_GPIO_Init();
../Middlewares/Third_Party/LwIP/src/netif/lowpan6_ble.c: 2 warnings, 0 errors
compiling lowpan6.c...
../Inc/main.h(223): warning:  #1295-D: Deprecated declaration usr_IWDG_Init - give arg types
  void usr_IWDG_Init();
../Inc/main.h(224): warning:  #1295-D: Deprecated declaration usr_GPIO_Init - give arg types
  void usr_GPIO_Init();
../Middlewares/Third_Party/LwIP/src/netif/lowpan6.c: 2 warnings, 0 errors
compiling ethernet.c...
../Inc/main.h(223): warning:  #1295-D: Deprecated declaration usr_IWDG_Init - give arg types
  void usr_IWDG_Init();
../Inc/main.h(224): warning:  #1295-D: Deprecated declaration usr_GPIO_Init - give arg types
  void usr_GPIO_Init();
../Middlewares/Third_Party/LwIP/src/netif/ethernet.c: 2 warnings, 0 errors
compiling bridgeif_fdb.c...
../Inc/main.h(223): warning:  #1295-D: Deprecated declaration usr_IWDG_Init - give arg types
  void usr_IWDG_Init();
../Inc/main.h(224): warning:  #1295-D: Deprecated declaration usr_GPIO_Init - give arg types
  void usr_GPIO_Init();
../Middlewares/Third_Party/LwIP/src/netif/bridgeif_fdb.c: 2 warnings, 0 errors
compiling bridgeif.c...
../Inc/main.h(223): warning:  #1295-D: Deprecated declaration usr_IWDG_Init - give arg types
  void usr_IWDG_Init();
../Inc/main.h(224): warning:  #1295-D: Deprecated declaration usr_GPIO_Init - give arg types
  void usr_GPIO_Init();
../Middlewares/Third_Party/LwIP/src/netif/bridgeif.c: 2 warnings, 0 errors
compiling zepif.c...
../Inc/main.h(223): warning:  #1295-D: Deprecated declaration usr_IWDG_Init - give arg types
  void usr_IWDG_Init();
../Inc/main.h(224): warning:  #1295-D: Deprecated declaration usr_GPIO_Init - give arg types
  void usr_GPIO_Init();
../Middlewares/Third_Party/LwIP/src/netif/zepif.c: 2 warnings, 0 errors
compiling ecp.c...
../Inc/main.h(223): warning:  #1295-D: Deprecated declaration usr_IWDG_Init - give arg types
  void usr_IWDG_Init();
../Inc/main.h(224): warning:  #1295-D: Deprecated declaration usr_GPIO_Init - give arg types
  void usr_GPIO_Init();
../Middlewares/Third_Party/LwIP/src/netif/ppp/ecp.c: 2 warnings, 0 errors
compiling lowpan6_common.c...
../Inc/main.h(223): warning:  #1295-D: Deprecated declaration usr_IWDG_Init - give arg types
  void usr_IWDG_Init();
../Inc/main.h(224): warning:  #1295-D: Deprecated declaration usr_GPIO_Init - give arg types
  void usr_GPIO_Init();
../Middlewares/Third_Party/LwIP/src/netif/lowpan6_common.c: 2 warnings, 0 errors
compiling fs.c...
../Inc/main.h(223): warning:  #1295-D: Deprecated declaration usr_IWDG_Init - give arg types
  void usr_IWDG_Init();
../Inc/main.h(224): warning:  #1295-D: Deprecated declaration usr_GPIO_Init - give arg types
  void usr_GPIO_Init();
../Middlewares/Third_Party/LwIP/src/apps/http/fs.c: 2 warnings, 0 errors
compiling httpd.c...
../Inc/main.h(223): warning:  #1295-D: Deprecated declaration usr_IWDG_Init - give arg types
  void usr_IWDG_Init();
../Inc/main.h(224): warning:  #1295-D: Deprecated declaration usr_GPIO_Init - give arg types
  void usr_GPIO_Init();
../Middlewares/Third_Party/LwIP/src/apps/http/httpd.c: 2 warnings, 0 errors
compiling slipif.c...
../Inc/main.h(223): warning:  #1295-D: Deprecated declaration usr_IWDG_Init - give arg types
  void usr_IWDG_Init();
../Inc/main.h(224): warning:  #1295-D: Deprecated declaration usr_GPIO_Init - give arg types
  void usr_GPIO_Init();
../Middlewares/Third_Party/LwIP/src/netif/slipif.c: 2 warnings, 0 errors
compiling api_lib.c...
../Inc/main.h(223): warning:  #1295-D: Deprecated declaration usr_IWDG_Init - give arg types
  void usr_IWDG_Init();
../Inc/main.h(224): warning:  #1295-D: Deprecated declaration usr_GPIO_Init - give arg types
  void usr_GPIO_Init();
../Middlewares/Third_Party/LwIP/src/api/api_lib.c: 2 warnings, 0 errors
compiling netifapi.c...
../Inc/main.h(223): warning:  #1295-D: Deprecated declaration usr_IWDG_Init - give arg types
  void usr_IWDG_Init();
../Inc/main.h(224): warning:  #1295-D: Deprecated declaration usr_GPIO_Init - give arg types
  void usr_GPIO_Init();
../Middlewares/Third_Party/LwIP/src/api/netifapi.c: 2 warnings, 0 errors
compiling netbuf.c...
../Inc/main.h(223): warning:  #1295-D: Deprecated declaration usr_IWDG_Init - give arg types
  void usr_IWDG_Init();
../Inc/main.h(224): warning:  #1295-D: Deprecated declaration usr_GPIO_Init - give arg types
  void usr_GPIO_Init();
../Middlewares/Third_Party/LwIP/src/api/netbuf.c: 2 warnings, 0 errors
compiling err.c...
../Inc/main.h(223): warning:  #1295-D: Deprecated declaration usr_IWDG_Init - give arg types
  void usr_IWDG_Init();
../Inc/main.h(224): warning:  #1295-D: Deprecated declaration usr_GPIO_Init - give arg types
  void usr_GPIO_Init();
../Middlewares/Third_Party/LwIP/src/api/err.c: 2 warnings, 0 errors
compiling if_api.c...
../Inc/main.h(223): warning:  #1295-D: Deprecated declaration usr_IWDG_Init - give arg types
  void usr_IWDG_Init();
../Inc/main.h(224): warning:  #1295-D: Deprecated declaration usr_GPIO_Init - give arg types
  void usr_GPIO_Init();
../Middlewares/Third_Party/LwIP/src/api/if_api.c: 2 warnings, 0 errors
compiling api_msg.c...
../Inc/main.h(223): warning:  #1295-D: Deprecated declaration usr_IWDG_Init - give arg types
  void usr_IWDG_Init();
../Inc/main.h(224): warning:  #1295-D: Deprecated declaration usr_GPIO_Init - give arg types
  void usr_GPIO_Init();
../Middlewares/Third_Party/LwIP/src/api/api_msg.c: 2 warnings, 0 errors
compiling netdb.c...
../Inc/main.h(223): warning:  #1295-D: Deprecated declaration usr_IWDG_Init - give arg types
  void usr_IWDG_Init();
../Inc/main.h(224): warning:  #1295-D: Deprecated declaration usr_GPIO_Init - give arg types
  void usr_GPIO_Init();
../Middlewares/Third_Party/LwIP/src/api/netdb.c: 2 warnings, 0 errors
compiling sockets.c...
../Inc/main.h(223): warning:  #1295-D: Deprecated declaration usr_IWDG_Init - give arg types
  void usr_IWDG_Init();
../Inc/main.h(224): warning:  #1295-D: Deprecated declaration usr_GPIO_Init - give arg types
  void usr_GPIO_Init();
../Middlewares/Third_Party/LwIP/src/api/sockets.c: 2 warnings, 0 errors
compiling altcp.c...
../Inc/main.h(223): warning:  #1295-D: Deprecated declaration usr_IWDG_Init - give arg types
  void usr_IWDG_Init();
../Inc/main.h(224): warning:  #1295-D: Deprecated declaration usr_GPIO_Init - give arg types
  void usr_GPIO_Init();
../Middlewares/Third_Party/LwIP/src/core/altcp.c: 2 warnings, 0 errors
compiling altcp_alloc.c...
../Inc/main.h(223): warning:  #1295-D: Deprecated declaration usr_IWDG_Init - give arg types
  void usr_IWDG_Init();
../Inc/main.h(224): warning:  #1295-D: Deprecated declaration usr_GPIO_Init - give arg types
  void usr_GPIO_Init();
../Middlewares/Third_Party/LwIP/src/core/altcp_alloc.c: 2 warnings, 0 errors
compiling def.c...
../Inc/main.h(223): warning:  #1295-D: Deprecated declaration usr_IWDG_Init - give arg types
  void usr_IWDG_Init();
../Inc/main.h(224): warning:  #1295-D: Deprecated declaration usr_GPIO_Init - give arg types
  void usr_GPIO_Init();
../Middlewares/Third_Party/LwIP/src/core/def.c: 2 warnings, 0 errors
compiling altcp_tcp.c...
../Inc/main.h(223): warning:  #1295-D: Deprecated declaration usr_IWDG_Init - give arg types
  void usr_IWDG_Init();
../Inc/main.h(224): warning:  #1295-D: Deprecated declaration usr_GPIO_Init - give arg types
  void usr_GPIO_Init();
../Middlewares/Third_Party/LwIP/src/core/altcp_tcp.c: 2 warnings, 0 errors
compiling inet_chksum.c...
../Inc/main.h(223): warning:  #1295-D: Deprecated declaration usr_IWDG_Init - give arg types
  void usr_IWDG_Init();
../Inc/main.h(224): warning:  #1295-D: Deprecated declaration usr_GPIO_Init - give arg types
  void usr_GPIO_Init();
../Middlewares/Third_Party/LwIP/src/core/inet_chksum.c: 2 warnings, 0 errors
compiling tcpip.c...
../Inc/main.h(223): warning:  #1295-D: Deprecated declaration usr_IWDG_Init - give arg types
  void usr_IWDG_Init();
../Inc/main.h(224): warning:  #1295-D: Deprecated declaration usr_GPIO_Init - give arg types
  void usr_GPIO_Init();
../Middlewares/Third_Party/LwIP/src/api/tcpip.c: 2 warnings, 0 errors
compiling dns.c...
../Inc/main.h(223): warning:  #1295-D: Deprecated declaration usr_IWDG_Init - give arg types
  void usr_IWDG_Init();
../Inc/main.h(224): warning:  #1295-D: Deprecated declaration usr_GPIO_Init - give arg types
  void usr_GPIO_Init();
../Middlewares/Third_Party/LwIP/src/core/dns.c: 2 warnings, 0 errors
compiling raw.c...
../Inc/main.h(223): warning:  #1295-D: Deprecated declaration usr_IWDG_Init - give arg types
  void usr_IWDG_Init();
../Inc/main.h(224): warning:  #1295-D: Deprecated declaration usr_GPIO_Init - give arg types
  void usr_GPIO_Init();
../Middlewares/Third_Party/LwIP/src/core/raw.c: 2 warnings, 0 errors
compiling ip.c...
../Inc/main.h(223): warning:  #1295-D: Deprecated declaration usr_IWDG_Init - give arg types
  void usr_IWDG_Init();
../Inc/main.h(224): warning:  #1295-D: Deprecated declaration usr_GPIO_Init - give arg types
  void usr_GPIO_Init();
../Middlewares/Third_Party/LwIP/src/core/ip.c: 2 warnings, 0 errors
compiling mem.c...
../Inc/main.h(223): warning:  #1295-D: Deprecated declaration usr_IWDG_Init - give arg types
  void usr_IWDG_Init();
../Inc/main.h(224): warning:  #1295-D: Deprecated declaration usr_GPIO_Init - give arg types
  void usr_GPIO_Init();
../Middlewares/Third_Party/LwIP/src/core/mem.c: 2 warnings, 0 errors
compiling init.c...
../Inc/main.h(223): warning:  #1295-D: Deprecated declaration usr_IWDG_Init - give arg types
  void usr_IWDG_Init();
../Inc/main.h(224): warning:  #1295-D: Deprecated declaration usr_GPIO_Init - give arg types
  void usr_GPIO_Init();
../Middlewares/Third_Party/LwIP/src/core/init.c: 2 warnings, 0 errors
compiling netif.c...
../Inc/main.h(223): warning:  #1295-D: Deprecated declaration usr_IWDG_Init - give arg types
  void usr_IWDG_Init();
../Inc/main.h(224): warning:  #1295-D: Deprecated declaration usr_GPIO_Init - give arg types
  void usr_GPIO_Init();
../Middlewares/Third_Party/LwIP/src/core/netif.c: 2 warnings, 0 errors
compiling pbuf.c...
../Inc/main.h(223): warning:  #1295-D: Deprecated declaration usr_IWDG_Init - give arg types
  void usr_IWDG_Init();
../Inc/main.h(224): warning:  #1295-D: Deprecated declaration usr_GPIO_Init - give arg types
  void usr_GPIO_Init();
../Middlewares/Third_Party/LwIP/src/core/pbuf.c: 2 warnings, 0 errors
compiling memp.c...
../Inc/main.h(223): warning:  #1295-D: Deprecated declaration usr_IWDG_Init - give arg types
  void usr_IWDG_Init();
../Inc/main.h(224): warning:  #1295-D: Deprecated declaration usr_GPIO_Init - give arg types
  void usr_GPIO_Init();
../Middlewares/Third_Party/LwIP/src/core/memp.c: 2 warnings, 0 errors
compiling stats.c...
../Inc/main.h(223): warning:  #1295-D: Deprecated declaration usr_IWDG_Init - give arg types
  void usr_IWDG_Init();
../Inc/main.h(224): warning:  #1295-D: Deprecated declaration usr_GPIO_Init - give arg types
  void usr_GPIO_Init();
../Middlewares/Third_Party/LwIP/src/core/stats.c: 2 warnings, 0 errors
compiling sys.c...
../Inc/main.h(223): warning:  #1295-D: Deprecated declaration usr_IWDG_Init - give arg types
  void usr_IWDG_Init();
../Inc/main.h(224): warning:  #1295-D: Deprecated declaration usr_GPIO_Init - give arg types
  void usr_GPIO_Init();
../Middlewares/Third_Party/LwIP/src/core/sys.c: 2 warnings, 0 errors
compiling tcp.c...
../Inc/main.h(223): warning:  #1295-D: Deprecated declaration usr_IWDG_Init - give arg types
  void usr_IWDG_Init();
../Inc/main.h(224): warning:  #1295-D: Deprecated declaration usr_GPIO_Init - give arg types
  void usr_GPIO_Init();
../Middlewares/Third_Party/LwIP/src/core/tcp.c: 2 warnings, 0 errors
compiling tcp_out.c...
../Inc/main.h(223): warning:  #1295-D: Deprecated declaration usr_IWDG_Init - give arg types
  void usr_IWDG_Init();
../Inc/main.h(224): warning:  #1295-D: Deprecated declaration usr_GPIO_Init - give arg types
  void usr_GPIO_Init();
../Middlewares/Third_Party/LwIP/src/core/tcp_out.c: 2 warnings, 0 errors
compiling udp.c...
../Inc/main.h(223): warning:  #1295-D: Deprecated declaration usr_IWDG_Init - give arg types
  void usr_IWDG_Init();
../Inc/main.h(224): warning:  #1295-D: Deprecated declaration usr_GPIO_Init - give arg types
  void usr_GPIO_Init();
../Middlewares/Third_Party/LwIP/src/core/udp.c: 2 warnings, 0 errors
compiling tcp_in.c...
../Inc/main.h(223): warning:  #1295-D: Deprecated declaration usr_IWDG_Init - give arg types
  void usr_IWDG_Init();
../Inc/main.h(224): warning:  #1295-D: Deprecated declaration usr_GPIO_Init - give arg types
  void usr_GPIO_Init();
../Middlewares/Third_Party/LwIP/src/core/tcp_in.c: 2 warnings, 0 errors
compiling timeouts.c...
../Inc/main.h(223): warning:  #1295-D: Deprecated declaration usr_IWDG_Init - give arg types
  void usr_IWDG_Init();
../Inc/main.h(224): warning:  #1295-D: Deprecated declaration usr_GPIO_Init - give arg types
  void usr_GPIO_Init();
../Middlewares/Third_Party/LwIP/src/core/timeouts.c: 2 warnings, 0 errors
compiling autoip.c...
../Inc/main.h(223): warning:  #1295-D: Deprecated declaration usr_IWDG_Init - give arg types
  void usr_IWDG_Init();
../Inc/main.h(224): warning:  #1295-D: Deprecated declaration usr_GPIO_Init - give arg types
  void usr_GPIO_Init();
../Middlewares/Third_Party/LwIP/src/core/ipv4/autoip.c: 2 warnings, 0 errors
compiling dhcp.c...
../Inc/main.h(223): warning:  #1295-D: Deprecated declaration usr_IWDG_Init - give arg types
  void usr_IWDG_Init();
../Inc/main.h(224): warning:  #1295-D: Deprecated declaration usr_GPIO_Init - give arg types
  void usr_GPIO_Init();
../Middlewares/Third_Party/LwIP/src/core/ipv4/dhcp.c: 2 warnings, 0 errors
compiling igmp.c...
../Inc/main.h(223): warning:  #1295-D: Deprecated declaration usr_IWDG_Init - give arg types
  void usr_IWDG_Init();
../Inc/main.h(224): warning:  #1295-D: Deprecated declaration usr_GPIO_Init - give arg types
  void usr_GPIO_Init();
../Middlewares/Third_Party/LwIP/src/core/ipv4/igmp.c: 2 warnings, 0 errors
compiling etharp.c...
../Inc/main.h(223): warning:  #1295-D: Deprecated declaration usr_IWDG_Init - give arg types
  void usr_IWDG_Init();
../Inc/main.h(224): warning:  #1295-D: Deprecated declaration usr_GPIO_Init - give arg types
  void usr_GPIO_Init();
../Middlewares/Third_Party/LwIP/src/core/ipv4/etharp.c: 2 warnings, 0 errors
compiling ip4_addr.c...
../Inc/main.h(223): warning:  #1295-D: Deprecated declaration usr_IWDG_Init - give arg types
  void usr_IWDG_Init();
../Inc/main.h(224): warning:  #1295-D: Deprecated declaration usr_GPIO_Init - give arg types
  void usr_GPIO_Init();
../Middlewares/Third_Party/LwIP/src/core/ipv4/ip4_addr.c: 2 warnings, 0 errors
compiling icmp.c...
../Inc/main.h(223): warning:  #1295-D: Deprecated declaration usr_IWDG_Init - give arg types
  void usr_IWDG_Init();
../Inc/main.h(224): warning:  #1295-D: Deprecated declaration usr_GPIO_Init - give arg types
  void usr_GPIO_Init();
../Middlewares/Third_Party/LwIP/src/core/ipv4/icmp.c: 2 warnings, 0 errors
compiling ip4.c...
../Inc/main.h(223): warning:  #1295-D: Deprecated declaration usr_IWDG_Init - give arg types
  void usr_IWDG_Init();
../Inc/main.h(224): warning:  #1295-D: Deprecated declaration usr_GPIO_Init - give arg types
  void usr_GPIO_Init();
../Middlewares/Third_Party/LwIP/src/core/ipv4/ip4.c: 2 warnings, 0 errors
compiling ip4_frag.c...
../Inc/main.h(223): warning:  #1295-D: Deprecated declaration usr_IWDG_Init - give arg types
  void usr_IWDG_Init();
../Inc/main.h(224): warning:  #1295-D: Deprecated declaration usr_GPIO_Init - give arg types
  void usr_GPIO_Init();
../Middlewares/Third_Party/LwIP/src/core/ipv4/ip4_frag.c: 2 warnings, 0 errors
compiling dhcp6.c...
../Inc/main.h(223): warning:  #1295-D: Deprecated declaration usr_IWDG_Init - give arg types
  void usr_IWDG_Init();
../Inc/main.h(224): warning:  #1295-D: Deprecated declaration usr_GPIO_Init - give arg types
  void usr_GPIO_Init();
../Middlewares/Third_Party/LwIP/src/core/ipv6/dhcp6.c: 2 warnings, 0 errors
compiling ethip6.c...
../Inc/main.h(223): warning:  #1295-D: Deprecated declaration usr_IWDG_Init - give arg types
  void usr_IWDG_Init();
../Inc/main.h(224): warning:  #1295-D: Deprecated declaration usr_GPIO_Init - give arg types
  void usr_GPIO_Init();
../Middlewares/Third_Party/LwIP/src/core/ipv6/ethip6.c: 2 warnings, 0 errors
compiling inet6.c...
../Inc/main.h(223): warning:  #1295-D: Deprecated declaration usr_IWDG_Init - give arg types
  void usr_IWDG_Init();
../Inc/main.h(224): warning:  #1295-D: Deprecated declaration usr_GPIO_Init - give arg types
  void usr_GPIO_Init();
../Middlewares/Third_Party/LwIP/src/core/ipv6/inet6.c: 2 warnings, 0 errors
compiling ip6_addr.c...
../Inc/main.h(223): warning:  #1295-D: Deprecated declaration usr_IWDG_Init - give arg types
  void usr_IWDG_Init();
../Inc/main.h(224): warning:  #1295-D: Deprecated declaration usr_GPIO_Init - give arg types
  void usr_GPIO_Init();
../Middlewares/Third_Party/LwIP/src/core/ipv6/ip6_addr.c: 2 warnings, 0 errors
compiling icmp6.c...
../Inc/main.h(223): warning:  #1295-D: Deprecated declaration usr_IWDG_Init - give arg types
  void usr_IWDG_Init();
../Inc/main.h(224): warning:  #1295-D: Deprecated declaration usr_GPIO_Init - give arg types
  void usr_GPIO_Init();
../Middlewares/Third_Party/LwIP/src/core/ipv6/icmp6.c: 2 warnings, 0 errors
compiling ip6.c...
../Inc/main.h(223): warning:  #1295-D: Deprecated declaration usr_IWDG_Init - give arg types
  void usr_IWDG_Init();
../Inc/main.h(224): warning:  #1295-D: Deprecated declaration usr_GPIO_Init - give arg types
  void usr_GPIO_Init();
../Middlewares/Third_Party/LwIP/src/core/ipv6/ip6.c: 2 warnings, 0 errors
compiling ip6_frag.c...
../Inc/main.h(223): warning:  #1295-D: Deprecated declaration usr_IWDG_Init - give arg types
  void usr_IWDG_Init();
../Inc/main.h(224): warning:  #1295-D: Deprecated declaration usr_GPIO_Init - give arg types
  void usr_GPIO_Init();
../Middlewares/Third_Party/LwIP/src/core/ipv6/ip6_frag.c: 2 warnings, 0 errors
compiling mld6.c...
../Inc/main.h(223): warning:  #1295-D: Deprecated declaration usr_IWDG_Init - give arg types
  void usr_IWDG_Init();
../Inc/main.h(224): warning:  #1295-D: Deprecated declaration usr_GPIO_Init - give arg types
  void usr_GPIO_Init();
../Middlewares/Third_Party/LwIP/src/core/ipv6/mld6.c: 2 warnings, 0 errors
compiling nd6.c...
../Inc/main.h(223): warning:  #1295-D: Deprecated declaration usr_IWDG_Init - give arg types
  void usr_IWDG_Init();
../Inc/main.h(224): warning:  #1295-D: Deprecated declaration usr_GPIO_Init - give arg types
  void usr_GPIO_Init();
../Middlewares/Third_Party/LwIP/src/core/ipv6/nd6.c: 2 warnings, 0 errors
compiling sys_arch.c...
../Inc/main.h(223): warning:  #1295-D: Deprecated declaration usr_IWDG_Init - give arg types
  void usr_IWDG_Init();
../Inc/main.h(224): warning:  #1295-D: Deprecated declaration usr_GPIO_Init - give arg types
  void usr_GPIO_Init();
../Middlewares/Third_Party/LwIP/system/OS/sys_arch.c: 2 warnings, 0 errors
compiling tftp_server.c...
../Inc/main.h(223): warning:  #1295-D: Deprecated declaration usr_IWDG_Init - give arg types
  void usr_IWDG_Init();
../Inc/main.h(224): warning:  #1295-D: Deprecated declaration usr_GPIO_Init - give arg types
  void usr_GPIO_Init();
../Middlewares/Third_Party/LwIP/src/apps/tftp/tftp_server.c: 2 warnings, 0 errors
compiling mqtt.c...
../Inc/main.h(223): warning:  #1295-D: Deprecated declaration usr_IWDG_Init - give arg types
  void usr_IWDG_Init();
../Inc/main.h(224): warning:  #1295-D: Deprecated declaration usr_GPIO_Init - give arg types
  void usr_GPIO_Init();
../Middlewares/Third_Party/LwIP/src/apps/mqtt/mqtt.c: 2 warnings, 0 errors
compiling Task_SpiFlash.c...
../Inc/main.h(223): warning:  #1295-D: Deprecated declaration usr_IWDG_Init - give arg types
  void usr_IWDG_Init();
../Inc/main.h(224): warning:  #1295-D: Deprecated declaration usr_GPIO_Init - give arg types
  void usr_GPIO_Init();
../Inc/mem/bsp_SpiFlash.h(69): warning:  #1-D: last line of file ends without a newline
  #endif
..\Src\Tsk\Task_SpiFlash.c(185): warning:  #177-D: variable "adr"  was declared but never referenced
      int adr = SPI_FLASHE_ADDR;
..\Src\Tsk\Task_SpiFlash.c(186): warning:  #177-D: variable "read"  was declared but never referenced
      uint8 read[32] = {0};
..\Src\Tsk\Task_SpiFlash.c(187): warning:  #177-D: variable "empty"  was declared but never referenced
      uint8 empty[32] = {0};
..\Src\Tsk\Task_SpiFlash.c(821): warning:  #223-D: function "MX_LWIP_Set_IP" declared implicitly
                          MX_LWIP_Set_IP();
..\Src\Tsk\Task_SpiFlash.c(939): warning:  #223-D: function "board_test" declared implicitly
          board_test();
..\Src\Tsk\Task_SpiFlash.c: 8 warnings, 0 errors
compiling Tsk_Charge_Ctrl.c...
../Inc/main.h(223): warning:  #1295-D: Deprecated declaration usr_IWDG_Init - give arg types
  void usr_IWDG_Init();
../Inc/main.h(224): warning:  #1295-D: Deprecated declaration usr_GPIO_Init - give arg types
  void usr_GPIO_Init();
../Inc/mem/bsp_SpiFlash.h(69): warning:  #1-D: last line of file ends without a newline
  #endif
..\Src\Tsk\Tsk_Charge_Ctrl.c(88): warning:  #177-D: variable "null_buf"  was declared but never referenced
      uint8_t null_buf[16] = {0};
..\Src\Tsk\Tsk_Charge_Ctrl.c(180): warning:  #186-D: pointless comparison of unsigned integer with zero
    if ((CurIndex < 0) || (CurIndex > 47))
..\Src\Tsk\Tsk_Charge_Ctrl.c(217): warning:  #167-D: argument of type "char *" is incompatible with parameter of type "u8_t *"
          LCD_asc_display_frame(1,5,258,dispalay_ip,16);
..\Src\Tsk\Tsk_Charge_Ctrl.c(234): warning:  #167-D: argument of type "unsigned char *" is incompatible with parameter of type "const char *"
  				memcpy(Buff,g_Sys_Config_Param.QRCode,strlen(g_Sys_Config_Param.QRCode));
..\Src\Tsk\Tsk_Charge_Ctrl.c(235): warning:  #167-D: argument of type "unsigned char *" is incompatible with parameter of type "const char *"
  				len += strlen(g_Sys_Config_Param.QRCode);
..\Src\Tsk\Tsk_Charge_Ctrl.c(244): warning:  #167-D: argument of type "char *" is incompatible with parameter of type "uint8_t *"
  				LCD_QR_code_display_frame(Buff, len);
..\Src\Tsk\Tsk_Charge_Ctrl.c(289): warning:  #167-D: argument of type "char *" is incompatible with parameter of type "u8_t *"
          LCD_asc_display_frame(1,5,258,dispalay_ip,16);
..\Src\Tsk\Tsk_Charge_Ctrl.c(162): warning:  #550-D: variable "i"  was set but never used
    uint8 i;
..\Src\Tsk\Tsk_Charge_Ctrl.c(657): warning:  #1035-D: single-precision operand implicitly converted to double-precision
          money /= 100.0;
..\Src\Tsk\Tsk_Charge_Ctrl.c(1856): warning:  #177-D: variable "current_time"  was declared but never referenced
  	int current_time = 0;//计算10s
..\Src\Tsk\Tsk_Charge_Ctrl.c(2184): warning:  #177-D: variable "timer"  was declared but never referenced
      static uint32 timer = 0;
..\Src\Tsk\Tsk_Charge_Ctrl.c(2188): warning:  #177-D: variable "report_num"  was declared but never referenced
  		uint8 report_num = 0;
..\Src\Tsk\Tsk_Charge_Ctrl.c(2842): warning:  #223-D: function "Get_CP_Sample_2" declared implicitly
  		int CP = Get_CP_Sample_2(0);
..\Src\Tsk\Tsk_Charge_Ctrl.c(2847): warning:  #223-D: function "LCD_0x25_frame" declared implicitly
  	  	LCD_0x25_frame();
..\Src\Tsk\Tsk_Charge_Ctrl.c(2849): warning:  #223-D: function "LCD_0x26_frame" declared implicitly
  	    LCD_0x26_frame(0,0x0,50,20,0,0x0);
..\Src\Tsk\Tsk_Charge_Ctrl.c(2840): warning:  #177-D: variable "tick"  was declared but never referenced
  		static uint32_t tick = 0;
..\Src\Tsk\Tsk_Charge_Ctrl.c(2978): warning:  #223-D: function "DHCP_Pool" declared implicitly
          		DHCP_Pool(NULL);
..\Src\Tsk\Tsk_Charge_Ctrl.c(1767): warning:  #177-D: function "Shift_Alarm_Stop_Reason"  was declared but never referenced
  static uint8 Shift_Alarm_Stop_Reason(uint64 Alarm)
..\Src\Tsk\Tsk_Charge_Ctrl.c(2773): warning:  #177-D: function "Alarm_Stop_Resume"  was declared but never referenced
  static void Alarm_Stop_Resume(int Ch)
..\Src\Tsk\Tsk_Charge_Ctrl.c(2803): warning:  #177-D: function "Check_9V_Stop_Resume"  was declared but never referenced
  static void Check_9V_Stop_Resume(int Ch)
..\Src\Tsk\Tsk_Charge_Ctrl.c: 23 warnings, 0 errors
compiling Tsk_Measure.c...
../Inc/main.h(223): warning:  #1295-D: Deprecated declaration usr_IWDG_Init - give arg types
  void usr_IWDG_Init();
../Inc/main.h(224): warning:  #1295-D: Deprecated declaration usr_GPIO_Init - give arg types
  void usr_GPIO_Init();
..\Src\Tsk\Tsk_Measure.c(83): warning:  #1035-D: single-precision operand implicitly converted to double-precision
          Energy = (float)g_Measure_Data[0].Totol_Energy/100.0;
..\Src\Tsk\Tsk_Measure.c: 3 warnings, 0 errors
compiling Tsk_http.c...
../Inc/main.h(223): warning:  #1295-D: Deprecated declaration usr_IWDG_Init - give arg types
  void usr_IWDG_Init();
../Inc/main.h(224): warning:  #1295-D: Deprecated declaration usr_GPIO_Init - give arg types
  void usr_GPIO_Init();
..\Src\Tsk\Tsk_http.c(156): warning:  #223-D: function "Drv_Uart_Read" declared implicitly
      len = Drv_Uart_Read(net_uart_port,(unsigned char *) rcvbuf,remain,200);//
..\Src\Tsk\Tsk_http.c(158): warning:  #223-D: function "Drv_Uart_Write" declared implicitly
      Drv_Uart_Write(net_uart_port,(const unsigned char *) send,strlen(send),100);
..\Src\Tsk\Tsk_http.c(203): warning:  #177-D: variable "start"  was declared but never referenced
    int start = 0;
..\Src\Tsk\Tsk_http.c(347): warning:  #223-D: function "Drv_Uart_Read" declared implicitly
              int len = Drv_Uart_Read(COM4,(unsigned char *) cmd,sizeof(cmd),200);//
..\Src\Tsk\Tsk_http.c(500): warning:  #223-D: function "BSP_SPIFLASH_BufferWrite" declared implicitly
    BSP_SPIFLASH_BufferWrite(buf,adr,max_len);
..\Src\Tsk\Tsk_http.c(510): warning:  #223-D: function "Drv_Uart_Read" declared implicitly
            len =Drv_Uart_Read(net_uart_port, buf, HTTP_SIZE,5);
..\Src\Tsk\Tsk_http.c(491): warning:  #177-D: variable "CheckSum"  was declared but never referenced
  	uint8_t CheckSum = 0;
..\Src\Tsk\Tsk_http.c(493): warning:  #177-D: variable "err_cnt"  was declared but never referenced
  	uint32_t err_cnt = 0;
..\Src\Tsk\Tsk_http.c(575): warning:  #223-D: function "Erase_spi_flash_app_data" declared implicitly
    Erase_spi_flash_app_data();
..\Src\Tsk\Tsk_http.c(611): warning:  #223-D: function "Drv_Uart_Write" declared implicitly
        Drv_Uart_Write(net_uart_port,(const unsigned char *) data_buf,strlen(data_buf),100);
..\Src\Tsk\Tsk_http.c(612): warning:  #223-D: function "Drv_Uart_Read" declared implicitly
        cc = Drv_Uart_Read(net_uart_port, data_buf, HTTP_SIZE,10000);   
..\Src\Tsk\Tsk_http.c(652): warning:  #167-D: argument of type "char *" is incompatible with parameter of type "uint8_t *"
          return Write_Updata_File_CallBack_4G(0,data_buf,packlen,file_length);
..\Src\Tsk\Tsk_http.c(617): warning:  #177-D: variable "size"  was declared but never referenced
          int file_length, size, packlen;
..\Src\Tsk\Tsk_http.c(657): warning:  #940-D: missing return statement at end of non-void function "install_file_4G" 
  }
..\Src\Tsk\Tsk_http.c(561): warning:  #177-D: variable "cfd"  was declared but never referenced
    int cfd;
..\Src\Tsk\Tsk_http.c(563): warning:  #177-D: variable "cadd"  was declared but never referenced
    struct sockaddr_in cadd;
..\Src\Tsk\Tsk_http.c(564): warning:  #177-D: variable "pURL"  was declared but never referenced
    struct hostent *pURL = NULL;
..\Src\Tsk\Tsk_http.c(568): warning:  #177-D: variable "len"  was declared but never referenced
    int len = 0;
..\Src\Tsk\Tsk_http.c(569): warning:  #550-D: variable "length"  was set but never used
    int length = 0;
..\Src\Tsk\Tsk_http.c(570): warning:  #177-D: variable "read_buf"  was declared but never referenced
    char read_buf[1] = {0};
..\Src\Tsk\Tsk_http.c(571): warning:  #177-D: variable "sec"  was declared but never referenced
    uint32_t sec =0;
..\Src\Tsk\Tsk_http.c(606): warning:  #177-D: label "restart"  was declared but never referenced
  restart:
..\Src\Tsk\Tsk_http.c(678): warning:  #223-D: function "BSP_SPIFLASH_BufferWrite" declared implicitly
  		        BSP_SPIFLASH_BufferWrite(buf,adr,len);
..\Src\Tsk\Tsk_http.c(664): warning:  #177-D: variable "CheckSum"  was declared but never referenced
  	uint8_t CheckSum = 0;
..\Src\Tsk\Tsk_http.c(665): warning:  #177-D: variable "tmpBuffer"  was declared but never referenced
  	uint8_t  tmpBuffer[256] = {0};
..\Src\Tsk\Tsk_http.c(666): warning:  #177-D: variable "err_cnt"  was declared but never referenced
  	uint32_t err_cnt = 0;
..\Src\Tsk\Tsk_http.c(737): warning:  #223-D: function "Erase_spi_flash_app_data" declared implicitly
  	Erase_spi_flash_app_data();
..\Src\Tsk\Tsk_http.c(813): warning:  #167-D: argument of type "char *" is incompatible with parameter of type "uint8_t *"
      return Write_Updata_File_CallBack_LAN(cfd,data_buf,sizeof(data_buf),resp.content_length);
..\Src\Tsk\Tsk_http.c(728): warning:  #550-D: variable "pURL"  was set but never used
    struct hostent *pURL = NULL;
..\Src\Tsk\Tsk_http.c(762): warning:  #550-D: variable "cc"  was set but never used
  	int cc;
..\Src\Tsk\Tsk_http.c(770): warning:  #550-D: variable "cs"  was set but never used
  	int cs;
..\Src\Tsk\Tsk_http.c(858): warning:  #223-D: function "BSP_SPIFLASH_SectorErase" declared implicitly
    				BSP_SPIFLASH_SectorErase(UPDATA_INFO_ADDR);
..\Src\Tsk\Tsk_http.c(859): warning:  #223-D: function "BSP_SPIFLASH_BufferWrite" declared implicitly
    				BSP_SPIFLASH_BufferWrite((uint8_t*)&JWT_UpdateInfo,UPDATA_INFO_ADDR,sizeof(JWT_UpdateInfo));
..\Src\Tsk\Tsk_http.c(906): warning:  #223-D: function "BSP_SPIFLASH_SectorErase" declared implicitly
        BSP_SPIFLASH_SectorErase(UPDATA_INFO_ADDR);
..\Src\Tsk\Tsk_http.c(907): warning:  #223-D: function "BSP_SPIFLASH_BufferWrite" declared implicitly
        BSP_SPIFLASH_BufferWrite((uint8_t*)&JWT_UpdateInfo,UPDATA_INFO_ADDR,sizeof(JWT_UpdateInfo));
..\Src\Tsk\Tsk_http.c(829): warning:  #177-D: function "http_download_tsk"  was declared but never referenced
  static void http_download_tsk(const void *p)
..\Src\Tsk\Tsk_http.c: 38 warnings, 0 errors
compiling Tsk_API.Card.c...
../Inc/main.h(223): warning:  #1295-D: Deprecated declaration usr_IWDG_Init - give arg types
  void usr_IWDG_Init();
../Inc/main.h(224): warning:  #1295-D: Deprecated declaration usr_GPIO_Init - give arg types
  void usr_GPIO_Init();
..\Src\Tsk_API\Tsk_API.Card.c: 2 warnings, 0 errors
compiling ftp.c...
../Inc/main.h(223): warning:  #1295-D: Deprecated declaration usr_IWDG_Init - give arg types
  void usr_IWDG_Init();
../Inc/main.h(224): warning:  #1295-D: Deprecated declaration usr_GPIO_Init - give arg types
  void usr_GPIO_Init();
..\Src\Tsk_API\ftp.c(108): warning:  #1293-D: assignment in condition
      while ((rv = ctl->idlecb(ctl, ctl->xfered, ctl->idlearg)));
..\Src\Tsk_API\ftp.c: 3 warnings, 0 errors
compiling Tsk_API_adc.c...
../Inc/main.h(223): warning:  #1295-D: Deprecated declaration usr_IWDG_Init - give arg types
  void usr_IWDG_Init();
../Inc/main.h(224): warning:  #1295-D: Deprecated declaration usr_GPIO_Init - give arg types
  void usr_GPIO_Init();
..\Src\Tsk_API\Tsk_API_adc.c(105): warning:  #1035-D: single-precision operand implicitly converted to double-precision
      adSamp += 0.7;
..\Src\Tsk_API\Tsk_API_adc.c(125): warning:  #1035-D: single-precision operand implicitly converted to double-precision
      adSamp += 0.7;
..\Src\Tsk_API\Tsk_API_adc.c(168): warning:  #1035-D: single-precision operand implicitly converted to double-precision
      if(adSamp <= 1.875)
..\Src\Tsk_API\Tsk_API_adc.c(172): warning:  #1035-D: single-precision operand implicitly converted to double-precision
      else if(adSamp >= 2.581)
..\Src\Tsk_API\Tsk_API_adc.c(179): warning:  #1035-D: single-precision operand implicitly converted to double-precision
          b = Y1 - k*X1;
..\Src\Tsk_API\Tsk_API_adc.c: 7 warnings, 0 errors
compiling Tsk_JWT.c...
../Inc/main.h(223): warning:  #1295-D: Deprecated declaration usr_IWDG_Init - give arg types
  void usr_IWDG_Init();
../Inc/main.h(224): warning:  #1295-D: Deprecated declaration usr_GPIO_Init - give arg types
  void usr_GPIO_Init();
../Inc/mem/bsp_SpiFlash.h(69): warning:  #1-D: last line of file ends without a newline
  #endif
..\Src\Tsk\Tsk_JWT.c(152): warning:  #177-D: variable "index"  was declared but never referenced
      uint8 index = 13;
..\Src\Tsk\Tsk_JWT.c(332): warning:  #177-D: variable "num"  was declared but never referenced
    uint8 ret_feenum,i,k,num,value   = 0;
..\Src\Tsk\Tsk_JWT.c(332): warning:  #177-D: variable "value"  was declared but never referenced
    uint8 ret_feenum,i,k,num,value   = 0;
..\Src\Tsk\Tsk_JWT.c(442): warning:  #186-D: pointless comparison of unsigned integer with zero
      if ((CurIndex < 0) || (CurIndex > 47))
..\Src\Tsk\Tsk_JWT.c(687): warning:  #177-D: variable "curTime"  was declared but never referenced
      struct tm *curTime = {0};
..\Src\Tsk\Tsk_JWT.c(1092): warning:  #223-D: function "Erase_spi_flash_app_data" declared implicitly
  			Erase_spi_flash_app_data();
..\Src\Tsk\Tsk_JWT.c(1094): warning:  #223-D: function "Ftp_Updata" declared implicitly
  			ret=Ftp_Updata(&JWT_UpdateInfo);
..\Src\Tsk\Tsk_JWT.c(1200): warning:  #223-D: function "Erase_spi_flash_app_data" declared implicitly
  				Erase_spi_flash_app_data();
..\Src\Tsk\Tsk_JWT.c(1237): warning:  #167-D: argument of type "char *" is incompatible with parameter of type "uint8_t *"
  			BSP_SPIFLASH_BufferWrite(TCP_Info.TCP_File_data,(TCP_Info.TCP_File_bags_serial_number - 1) * LEN_READ,LEN_READ);
..\Src\Tsk\Tsk_JWT.c(1329): warning:  #223-D: function "start_http_download" declared implicitly
          start_http_download(comm.connectType);
..\Src\Tsk\Tsk_JWT.c(1330): warning:  #223-D: function "http_download_process" declared implicitly
          http_download_process();
..\Src\Tsk\Tsk_JWT.c(2586): warning:  #177-D: variable "i"  was declared but never referenced
  
..\Src\Tsk\Tsk_JWT.c(2696): warning:  #177-D: variable "i"  was declared but never referenced
    else if(result == 2)
..\Src\Tsk\Tsk_JWT.c(2698): warning:  #177-D: variable "dword"  was declared but never referenced
     DataBuf[2] = 0x02;
..\Src\Tsk\Tsk_JWT.c(2794): warning:  #177-D: variable "i"  was declared but never referenced
    }
..\Src\Tsk\Tsk_JWT.c(2797): warning:  #177-D: variable "num"  was declared but never referenced
     if(result == 0)
..\Src\Tsk\Tsk_JWT.c(2845): warning:  #177-D: variable "i"  was declared but never referenced
    //用系统的软件版本号
..\Src\Tsk\Tsk_JWT.c(2884): warning:  #177-D: variable "i"  was declared but never referenced
    memcpy(JWT_UpdateInfo.Update_Usr, data+ptr, 20);
..\Src\Tsk\Tsk_JWT.c(2885): warning:  #177-D: variable "Ch"  was declared but never referenced
    ptr +=20;
..\Src\Tsk\Tsk_JWT.c(2928): warning:  #177-D: variable "i"  was declared but never referenced
  		}
..\Src\Tsk\Tsk_JWT.c(2972): warning:  #177-D: variable "i"  was declared but never referenced
  	  DataBuf[1] = 0x01;
..\Src\Tsk\Tsk_JWT.c(3011): warning:  #177-D: variable "i"  was declared but never referenced
      dbg_printf(1," Update_url : %s", &JWT_UpdateInfo.Update_url);
..\Src\Tsk\Tsk_JWT.c(3012): warning:  #177-D: variable "Ch"  was declared but never referenced
  
..\Src\Tsk\Tsk_JWT.c(3015): warning:  #177-D: variable "dword"  was declared but never referenced
      JWT_UpdateInfo.SoftVer[3] = ((data[ptr] >> 4)+'0');
..\Src\Tsk\Tsk_JWT.c(3044): warning:  #177-D: variable "i"  was declared but never referenced
    DataBuf[11] = ((g_Sys_Config_Param.Serial[14] & 0x0F) << 4) | (g_Sys_Config_Param.Serial[15] & 0x0F);
..\Src\Tsk\Tsk_JWT.c(4610): warning:  #14-D: extra text after expected end of preprocessing directive
                        #else if
..\Src\Tsk\Tsk_JWT.c(4707): warning:  #14-D: extra text after expected end of preprocessing directive
                    #else if
..\Src\Tsk\Tsk_JWT.c(4496): warning:  #177-D: variable "lenth"  was declared but never referenced
      uint16 lenth = 0;
..\Src\Tsk\Tsk_JWT.c(82): warning:  #177-D: variable "login_num"  was declared but never referenced
  static uint32 login_num = 0;//用来记录登录次数
..\Src\Tsk\Tsk_JWT.c(83): warning:  #177-D: variable "reset_num"  was declared but never referenced
  static uint32 reset_num = 0;//用来记录重启次数
..\Src\Tsk\Tsk_JWT.c(3795): warning:  #177-D: function "YvGe_4G"  was declared but never referenced
  static uint8 YvGe_4G(void)
..\Src\Tsk\Tsk_JWT.c(3869): warning:  #177-D: function "MeiGe_4G"  was declared but never referenced
  static uint8 MeiGe_4G(void)
..\Src\Tsk\Tsk_JWT.c: 35 warnings, 0 errors
compiling Sys_Config.c...
../Inc/main.h(223): warning:  #1295-D: Deprecated declaration usr_IWDG_Init - give arg types
  void usr_IWDG_Init();
../Inc/main.h(224): warning:  #1295-D: Deprecated declaration usr_GPIO_Init - give arg types
  void usr_GPIO_Init();
../Inc/mem/bsp_SpiFlash.h(69): warning:  #1-D: last line of file ends without a newline
  #endif
..\Src\Tsk_API\Sys_Config.c(1034): warning:  #223-D: function "Get_Auto_Ip" declared implicitly
      Get_Auto_Ip(Str);
..\Src\Tsk_API\Sys_Config.c(1226): warning:  #550-D: variable "Sys_Config_Param"  was set but never used
    SYS_CONFIG_PARAM Sys_Config_Param = {0};
..\Src\Tsk_API\Sys_Config.c(1243): warning:  #550-D: variable "Sys_Config_Param"  was set but never used
  	SYS_CONFIG_PARAM Sys_Config_Param = {0};
..\Src\Tsk_API\Sys_Config.c(1263): warning:  #177-D: variable "i"  was declared but never referenced
    uint8  i;
..\Src\Tsk_API\Sys_Config.c(1264): warning:  #177-D: variable "price"  was declared but never referenced
  	uint16 price;
..\Src\Tsk_API\Sys_Config.c(1265): warning:  #550-D: variable "Sys_Config_Param"  was set but never used
  	SYS_CONFIG_PARAM Sys_Config_Param = {0};
..\Src\Tsk_API\Sys_Config.c(1282): warning:  #177-D: variable "i"  was declared but never referenced
    uint8  i;
..\Src\Tsk_API\Sys_Config.c(1283): warning:  #177-D: variable "price"  was declared but never referenced
  	uint16 price;
..\Src\Tsk_API\Sys_Config.c(1284): warning:  #550-D: variable "Sys_Config_Param"  was set but never used
  	SYS_CONFIG_PARAM Sys_Config_Param = {0};
..\Src\Tsk_API\Sys_Config.c(1324): warning:  #144-D: a value of type "unsigned char (*)(void)" cannot be used to initialize an entity of type "int (*)(char *, void *)"
    {"get_ip",     Get_ip,"printf all cmd"},
..\Src\Tsk_API\Sys_Config.c(2081): warning:  #1-D: last line of file ends without a newline
  }
..\Src\Tsk_API\Sys_Config.c(57): warning:  #550-D: variable "g_Sys_Config_Param_bk"  was set but never used
  static SYS_CONFIG_PARAM g_Sys_Config_Param_bk;   //系统配置静态备份变量
..\Src\Tsk_API\Sys_Config.c: 15 warnings, 0 errors
compiling Tsk_API_Alarm.c...
../Inc/main.h(223): warning:  #1295-D: Deprecated declaration usr_IWDG_Init - give arg types
  void usr_IWDG_Init();
../Inc/main.h(224): warning:  #1295-D: Deprecated declaration usr_GPIO_Init - give arg types
  void usr_GPIO_Init();
..\Src\Tsk_API\Tsk_API_Alarm.c(98): warning:  #550-D: variable "ror_val"  was set but never used
  	uint64 ror_val = 0;
..\Src\Tsk_API\Tsk_API_Alarm.c(125): warning:  #550-D: variable "ror_val"  was set but never used
  	uint64 ror_val = 0;
..\Src\Tsk_API\Tsk_API_Alarm.c(550): warning:  #223-D: function "Get_CP_Sample_2" declared implicitly
          if(Get_CP_Sample_2(0) < 300)//100
..\Src\Tsk_API\Tsk_API_Alarm.c(1265): warning:  #1035-D: single-precision operand implicitly converted to double-precision
      CurValue *= 1.15;
..\Src\Tsk_API\Tsk_API_Alarm.c(1358): warning:  #223-D: function "get_Leakage_current" declared implicitly
      CurValue = get_Leakage_current();
..\Src\Tsk_API\Tsk_API_Alarm.c(157): warning:  #177-D: function "Alarm_Switch_State_Probe"  was declared but never referenced
  static void Alarm_Switch_State_Probe(uint8 Ch)
..\Src\Tsk_API\Tsk_API_Alarm.c(338): warning:  #177-D: function "Alarm_Thunder_Probe"  was declared but never referenced
  static void Alarm_Thunder_Probe(uint8 Ch)
..\Src\Tsk_API\Tsk_API_Alarm.c(702): warning:  #177-D: function "Alarm_Screen_Com_Probe"  was declared but never referenced
  static void Alarm_Screen_Com_Probe(uint8 Ch)
..\Src\Tsk_API\Tsk_API_Alarm.c(1174): warning:  #177-D: function "Alarm_Volt_Lose_Phase"  was declared but never referenced
  static void Alarm_Volt_Lose_Phase(uint8 Ch)
..\Src\Tsk_API\Tsk_API_Alarm.c(1347): warning:  #177-D: function "Alarm_Leakage_current_Over_Probe"  was declared but never referenced
  static void Alarm_Leakage_current_Over_Probe(uint8 Ch)
..\Src\Tsk_API\Tsk_API_Alarm.c: 12 warnings, 0 errors
compiling Tsk_API_LCD.c...
../Inc/main.h(223): warning:  #1295-D: Deprecated declaration usr_IWDG_Init - give arg types
  void usr_IWDG_Init();
../Inc/main.h(224): warning:  #1295-D: Deprecated declaration usr_GPIO_Init - give arg types
  void usr_GPIO_Init();
..\Src\Tsk_API\Tsk_API_LCD.c: 2 warnings, 0 errors
compiling flash_if.c...
../Inc/main.h(223): warning:  #1295-D: Deprecated declaration usr_IWDG_Init - give arg types
  void usr_IWDG_Init();
../Inc/main.h(224): warning:  #1295-D: Deprecated declaration usr_GPIO_Init - give arg types
  void usr_GPIO_Init();
..\Src\Tsk_API\flash_if.c: 2 warnings, 0 errors
compiling Tsk_API_IO_Ctrl.c...
../Inc/main.h(223): warning:  #1295-D: Deprecated declaration usr_IWDG_Init - give arg types
  void usr_IWDG_Init();
../Inc/main.h(224): warning:  #1295-D: Deprecated declaration usr_GPIO_Init - give arg types
  void usr_GPIO_Init();
..\Src\Tsk_API\Tsk_API_IO_Ctrl.c(153): warning:  #188-D: enumerated type mixed with another type
              BSP_GPIO_OutPut(1,OUT_HIGHE);
..\Src\Tsk_API\Tsk_API_IO_Ctrl.c(154): warning:  #188-D: enumerated type mixed with another type
              BSP_GPIO_OutPut(2,OUT_HIGHE);
..\Src\Tsk_API\Tsk_API_IO_Ctrl.c(168): warning:  #188-D: enumerated type mixed with another type
              BSP_GPIO_OutPut(1,OUT_LOW);
..\Src\Tsk_API\Tsk_API_IO_Ctrl.c(169): warning:  #188-D: enumerated type mixed with another type
              BSP_GPIO_OutPut(2,OUT_LOW);
..\Src\Tsk_API\Tsk_API_IO_Ctrl.c(192): warning:  #188-D: enumerated type mixed with another type
                      BSP_GPIO_OutPut(1,OUT_LOW);
..\Src\Tsk_API\Tsk_API_IO_Ctrl.c(193): warning:  #188-D: enumerated type mixed with another type
                      BSP_GPIO_OutPut(2,OUT_LOW);
..\Src\Tsk_API\Tsk_API_IO_Ctrl.c(211): warning:  #188-D: enumerated type mixed with another type
                          BSP_GPIO_OutPut(1,OUT_LOW);
..\Src\Tsk_API\Tsk_API_IO_Ctrl.c(212): warning:  #188-D: enumerated type mixed with another type
                          BSP_GPIO_OutPut(2,OUT_LOW);
..\Src\Tsk_API\Tsk_API_IO_Ctrl.c: 10 warnings, 0 errors
compiling Tsk_API_Meter.c...
../Inc/main.h(223): warning:  #1295-D: Deprecated declaration usr_IWDG_Init - give arg types
  void usr_IWDG_Init();
../Inc/main.h(224): warning:  #1295-D: Deprecated declaration usr_GPIO_Init - give arg types
  void usr_GPIO_Init();
..\Src\Tsk_API\Tsk_API_Meter.c: 2 warnings, 0 errors
compiling Tsk_API_Test.c...
../Inc/main.h(223): warning:  #1295-D: Deprecated declaration usr_IWDG_Init - give arg types
  void usr_IWDG_Init();
../Inc/main.h(224): warning:  #1295-D: Deprecated declaration usr_GPIO_Init - give arg types
  void usr_GPIO_Init();
../Inc/mem/bsp_SpiFlash.h(69): warning:  #1-D: last line of file ends without a newline
  #endif
..\Src\Tsk_API\Tsk_API_Test.c(540): warning:  #188-D: enumerated type mixed with another type
      BSP_GPIO_OutPut(2,OUT_HIGHE);
..\Src\Tsk_API\Tsk_API_Test.c(541): warning:  #188-D: enumerated type mixed with another type
      BSP_GPIO_OutPut(1,OUT_HIGHE);
..\Src\Tsk_API\Tsk_API_Test.c(545): warning:  #188-D: enumerated type mixed with another type
      BSP_GPIO_OutPut(2,OUT_LOW);
..\Src\Tsk_API\Tsk_API_Test.c(546): warning:  #188-D: enumerated type mixed with another type
      BSP_GPIO_OutPut(1,OUT_LOW);
..\Src\Tsk_API\Tsk_API_Test.c: 7 warnings, 0 errors
compiling UpDate.c...
../Inc/main.h(223): warning:  #1295-D: Deprecated declaration usr_IWDG_Init - give arg types
  void usr_IWDG_Init();
../Inc/main.h(224): warning:  #1295-D: Deprecated declaration usr_GPIO_Init - give arg types
  void usr_GPIO_Init();
../Inc/mem/bsp_SpiFlash.h(69): warning:  #1-D: last line of file ends without a newline
  #endif
..\Src\Tsk_API\UpDate.c: 3 warnings, 0 errors
compiling Tsk_API.Card_MT.c...
../Inc/main.h(223): warning:  #1295-D: Deprecated declaration usr_IWDG_Init - give arg types
  void usr_IWDG_Init();
../Inc/main.h(224): warning:  #1295-D: Deprecated declaration usr_GPIO_Init - give arg types
  void usr_GPIO_Init();
..\Src\Tsk_API\Tsk_API.Card_MT.c(922): warning:  #223-D: function "MT628_Search_Card" declared implicitly
              ret = MT628_Search_Card(PCardData);
..\Src\Tsk_API\Tsk_API.Card_MT.c(949): warning:  #223-D: function "MT628_Start_Charge_Card" declared implicitly
              ret = MT628_Start_Charge_Card(PCardData,Ch);
..\Src\Tsk_API\Tsk_API.Card_MT.c(949): warning:  #188-D: enumerated type mixed with another type
              ret = MT628_Start_Charge_Card(PCardData,Ch);
..\Src\Tsk_API\Tsk_API.Card_MT.c(978): warning:  #223-D: function "MT628_End_Charge_Card" declared implicitly
              ret = MT628_End_Charge_Card(Record,pBalence,Ch);
..\Src\Tsk_API\Tsk_API.Card_MT.c(978): warning:  #188-D: enumerated type mixed with another type
              ret = MT628_End_Charge_Card(Record,pBalence,Ch);
..\Src\Tsk_API\Tsk_API.Card_MT.c(1007): warning:  #223-D: function "Get_CardCommStatu_MT628" declared implicitly
              ret = Get_CardCommStatu_MT628();
..\Src\Tsk_API\Tsk_API.Card_MT.c(1035): warning:  #223-D: function "MT628_Add_Charge_Card" declared implicitly
              ret = MT628_Add_Charge_Card(Record,Ch);
..\Src\Tsk_API\Tsk_API.Card_MT.c(1035): warning:  #188-D: enumerated type mixed with another type
              ret = MT628_Add_Charge_Card(Record,Ch);
..\Src\Tsk_API\Tsk_API.Card_MT.c(1083): warning:  #223-D: function "Set_Charge_Card_No_MT628" declared implicitly
              ret =  Set_Charge_Card_No_MT628(CardNo,Ch);
..\Src\Tsk_API\Tsk_API.Card_MT.c: 11 warnings, 0 errors
compiling Tsk_API.Card_MT628.c...
../Inc/main.h(223): warning:  #1295-D: Deprecated declaration usr_IWDG_Init - give arg types
  void usr_IWDG_Init();
../Inc/main.h(224): warning:  #1295-D: Deprecated declaration usr_GPIO_Init - give arg types
  void usr_GPIO_Init();
..\Src\Tsk_API\Tsk_API.Card_MT628.c(167): warning:  #167-D: argument of type "int *" is incompatible with parameter of type "uint32_t *"
                              if(MT_DRV_OK == Drv_MT_IC_StartCharge(&Balance))    //启动后确认卡锁状态   如果未上锁则不启动充电  2017-12-12 10:13
..\Src\Tsk_API\Tsk_API.Card_MT628.c(121): warning:  #177-D: variable "CardID"  was declared but never referenced
      uint8_t CardID[4],PIN[3],LockStatus,LockStatusConform;
..\Src\Tsk_API\Tsk_API.Card_MT628.c(121): warning:  #177-D: variable "LockStatus"  was declared but never referenced
      uint8_t CardID[4],PIN[3],LockStatus,LockStatusConform;
..\Src\Tsk_API\Tsk_API.Card_MT628.c(121): warning:  #177-D: variable "LockStatusConform"  was declared but never referenced
      uint8_t CardID[4],PIN[3],LockStatus,LockStatusConform;
..\Src\Tsk_API\Tsk_API.Card_MT628.c(390): warning:  #550-D: variable "CardNo"  was set but never used
      uint8 CardNo[8] = {0};
..\Src\Tsk_API\Tsk_API.Card_MT628.c: 7 warnings, 0 errors
compiling Task_API_SpiFlash.c...
../Inc/main.h(223): warning:  #1295-D: Deprecated declaration usr_IWDG_Init - give arg types
  void usr_IWDG_Init();
../Inc/main.h(224): warning:  #1295-D: Deprecated declaration usr_GPIO_Init - give arg types
  void usr_GPIO_Init();
../Inc/mem/bsp_SpiFlash.h(69): warning:  #1-D: last line of file ends without a newline
  #endif
..\Src\Tsk_API\Task_API_SpiFlash.c(89): warning:  #940-D: missing return statement at end of non-void function "SPIFLASH_Method1_Get_Record" 
   }
..\Src\Tsk_API\Task_API_SpiFlash.c(140): warning:  #940-D: missing return statement at end of non-void function "SPIFLASH_Method2_Save_Record" 
   }
..\Src\Tsk_API\Task_API_SpiFlash.c(223): warning:  #940-D: missing return statement at end of non-void function "SPIFLASH_Method4_Get_Record" 
   }
..\Src\Tsk_API\Task_API_SpiFlash.c(247): warning:  #940-D: missing return statement at end of non-void function "SPIFLASH_Method4_Save_Record" 
   }
..\Src\Tsk_API\Task_API_SpiFlash.c: 7 warnings, 0 errors
compiling driver_SpiFlash.c...
../Inc/main.h(223): warning:  #1295-D: Deprecated declaration usr_IWDG_Init - give arg types
  void usr_IWDG_Init();
../Inc/main.h(224): warning:  #1295-D: Deprecated declaration usr_GPIO_Init - give arg types
  void usr_GPIO_Init();
../Inc/mem/bsp_SpiFlash.h(69): warning:  #1-D: last line of file ends without a newline
  #endif
..\base_src\drv\driver_SpiFlash.c: 3 warnings, 0 errors
compiling utility.c...
../Inc/main.h(223): warning:  #1295-D: Deprecated declaration usr_IWDG_Init - give arg types
  void usr_IWDG_Init();
../Inc/main.h(224): warning:  #1295-D: Deprecated declaration usr_GPIO_Init - give arg types
  void usr_GPIO_Init();
..\Src\Utility\utility.c: 2 warnings, 0 errors
compiling eth_comm.c...
../Inc/main.h(223): warning:  #1295-D: Deprecated declaration usr_IWDG_Init - give arg types
  void usr_IWDG_Init();
../Inc/main.h(224): warning:  #1295-D: Deprecated declaration usr_GPIO_Init - give arg types
  void usr_GPIO_Init();
..\Src\Utility\eth_comm.c(42): warning:  #177-D: variable "pURL"  was declared but never referenced
      struct hostent *pURL = NULL;
..\Src\Utility\eth_comm.c(78): warning:  #177-D: variable "wfd"  was declared but never referenced
  	fd_set wfd;
..\Src\Utility\eth_comm.c(79): warning:  #550-D: variable "tv"  was set but never used
  	struct timeval tv;
..\Src\Utility\eth_comm.c(109): warning:  #177-D: variable "rfd"  was declared but never referenced
      fd_set rfd;
..\Src\Utility\eth_comm.c(110): warning:  #550-D: variable "tv"  was set but never used
      struct timeval tv;
..\Src\Utility\eth_comm.c(176): warning:  #223-D: function "Get_Server_Port" declared implicitly
    serverport = Get_Server_Port();//8015;//5008;
..\Src\Utility\eth_comm.c(266): warning:  #223-D: function "JWT_tx_0x1F_gun_status" declared implicitly
  					Text = (uint32*)JWT_tx_0x1F_gun_status(Ch, data);
..\Src\Utility\eth_comm.c(294): warning:  #223-D: function "JWT_tx_0x05_card_charge_stop" declared implicitly
            	Text = (uint32*)JWT_tx_0x05_card_charge_stop(Ch, data);
..\Src\Utility\eth_comm.c(324): warning:  #223-D: function "JWT_tx_0x09_charge_progress" declared implicitly
            		Text = (uint32*)JWT_tx_0x09_charge_progress(Ch, data);
..\Src\Utility\eth_comm.c(330): warning:  #223-D: function "JWT_tx_0x0A_charge_progress_data" declared implicitly
  							Text = (uint32*)JWT_tx_0x0A_charge_progress_data(Ch, data);
..\Src\Utility\eth_comm.c(351): warning:  #223-D: function "JWT_tx_0x0D_charger_warning" declared implicitly
  					Text = (uint32*)JWT_tx_0x0D_charger_warning(Ch, warning_code, Msg.data[2], dword.v, data);
..\Src\Utility\eth_comm.c(359): warning:  #223-D: function "JWT_tx_0x1C_QR_request" declared implicitly
          	Text = (uint32*)JWT_tx_0x1C_QR_request(Ch, data);
..\Src\Utility\eth_comm.c(367): warning:  #223-D: function "JWT_tx_0x1F_gun_status" declared implicitly
          	Text = (uint32*)JWT_tx_0x1F_gun_status(Ch, data);
..\Src\Utility\eth_comm.c(163): warning:  #550-D: variable "rx_cmd"  was set but never used
  	uint8  rx_cmd = 0;
..\Src\Utility\eth_comm.c: 16 warnings, 0 errors
compiling Drv_RN8029.c...
../Inc/main.h(223): warning:  #1295-D: Deprecated declaration usr_IWDG_Init - give arg types
  void usr_IWDG_Init();
../Inc/main.h(224): warning:  #1295-D: Deprecated declaration usr_GPIO_Init - give arg types
  void usr_GPIO_Init();
../Inc/mem/bsp_SpiFlash.h(69): warning:  #1-D: last line of file ends without a newline
  #endif
..\base_src\drv\Drv_RN8029.c: 3 warnings, 0 errors
compiling Drv_time.c...
../Inc/main.h(223): warning:  #1295-D: Deprecated declaration usr_IWDG_Init - give arg types
  void usr_IWDG_Init();
../Inc/main.h(224): warning:  #1295-D: Deprecated declaration usr_GPIO_Init - give arg types
  void usr_GPIO_Init();
..\base_src\drv\Drv_time.c(22): warning:  #177-D: variable "high1"  was declared but never referenced
    uint16_t high1 = 0, high2 = 0, low = 0;
..\base_src\drv\Drv_time.c(22): warning:  #177-D: variable "high2"  was declared but never referenced
    uint16_t high1 = 0, high2 = 0, low = 0;
..\base_src\drv\Drv_time.c(22): warning:  #177-D: variable "low"  was declared but never referenced
    uint16_t high1 = 0, high2 = 0, low = 0;
..\base_src\drv\Drv_time.c: 5 warnings, 0 errors
compiling Drv_Usart.c...
../Inc/main.h(223): warning:  #1295-D: Deprecated declaration usr_IWDG_Init - give arg types
  void usr_IWDG_Init();
../Inc/main.h(224): warning:  #1295-D: Deprecated declaration usr_GPIO_Init - give arg types
  void usr_GPIO_Init();
..\base_src\drv\Drv_Usart.c: 2 warnings, 0 errors
compiling BSP_Buzzer.c...
../Inc/main.h(223): warning:  #1295-D: Deprecated declaration usr_IWDG_Init - give arg types
  void usr_IWDG_Init();
../Inc/main.h(224): warning:  #1295-D: Deprecated declaration usr_GPIO_Init - give arg types
  void usr_GPIO_Init();
..\base_src\bsp\BSP_Buzzer.c: 2 warnings, 0 errors
compiling BSP.Gpio.c...
../Inc/main.h(223): warning:  #1295-D: Deprecated declaration usr_IWDG_Init - give arg types
  void usr_IWDG_Init();
../Inc/main.h(224): warning:  #1295-D: Deprecated declaration usr_GPIO_Init - give arg types
  void usr_GPIO_Init();
..\base_src\bsp\BSP.Gpio.c: 2 warnings, 0 errors
compiling BSP_Adc.c...
../Inc/main.h(223): warning:  #1295-D: Deprecated declaration usr_IWDG_Init - give arg types
  void usr_IWDG_Init();
../Inc/main.h(224): warning:  #1295-D: Deprecated declaration usr_GPIO_Init - give arg types
  void usr_GPIO_Init();
..\base_src\bsp\BSP_Adc.c: 2 warnings, 0 errors
compiling BSP_Pwm.c...
../Inc/main.h(223): warning:  #1295-D: Deprecated declaration usr_IWDG_Init - give arg types
  void usr_IWDG_Init();
../Inc/main.h(224): warning:  #1295-D: Deprecated declaration usr_GPIO_Init - give arg types
  void usr_GPIO_Init();
..\base_src\bsp\BSP_Pwm.c(20): warning:  #177-D: variable "sConfigLed"  was declared but never referenced
  static TIM_OC_InitTypeDef sConfigLed;
..\base_src\bsp\BSP_Pwm.c: 3 warnings, 0 errors
compiling BSP_LED_Function.c...
../Inc/main.h(223): warning:  #1295-D: Deprecated declaration usr_IWDG_Init - give arg types
  void usr_IWDG_Init();
../Inc/main.h(224): warning:  #1295-D: Deprecated declaration usr_GPIO_Init - give arg types
  void usr_GPIO_Init();
..\base_src\bsp\BSP_LED_Function.c: 2 warnings, 0 errors
compiling bsp_drive_uart.c...
../Inc/main.h(223): warning:  #1295-D: Deprecated declaration usr_IWDG_Init - give arg types
  void usr_IWDG_Init();
../Inc/main.h(224): warning:  #1295-D: Deprecated declaration usr_GPIO_Init - give arg types
  void usr_GPIO_Init();
..\base_src\bsp\bsp_drive_uart.c(963): warning:  #550-D: variable "GPIO_InitStruct"  was set but never used
      GPIO_InitTypeDef  GPIO_InitStruct;
..\base_src\bsp\bsp_drive_uart.c: 3 warnings, 0 errors
compiling BSP_SPI.c...
../Inc/main.h(223): warning:  #1295-D: Deprecated declaration usr_IWDG_Init - give arg types
  void usr_IWDG_Init();
../Inc/main.h(224): warning:  #1295-D: Deprecated declaration usr_GPIO_Init - give arg types
  void usr_GPIO_Init();
..\base_src\bsp\BSP_SPI.c(25): warning:  #177-D: function "SPIx_MspInit"  was declared but never referenced
  static void SPIx_MspInit(SPI_HandleTypeDef *hspi)
..\base_src\bsp\BSP_SPI.c: 3 warnings, 0 errors
compiling BSP_WatchDog.c...
../Inc/main.h(223): warning:  #1295-D: Deprecated declaration usr_IWDG_Init - give arg types
  void usr_IWDG_Init();
../Inc/main.h(224): warning:  #1295-D: Deprecated declaration usr_GPIO_Init - give arg types
  void usr_GPIO_Init();
..\base_src\bsp\BSP_WatchDog.c: 2 warnings, 0 errors
compiling bsp_spiflash.c...
../Inc/main.h(223): warning:  #1295-D: Deprecated declaration usr_IWDG_Init - give arg types
  void usr_IWDG_Init();
../Inc/main.h(224): warning:  #1295-D: Deprecated declaration usr_GPIO_Init - give arg types
  void usr_GPIO_Init();
../Inc/mem/bsp_spiflash.h(69): warning:  #1-D: last line of file ends without a newline
  #endif
..\base_src\bsp\bsp_spiflash.c(78): warning:  #550-D: parameter "pBuffer"  was set but never used
  void BSP_SPIFLASH_BufferRead(uint8_t* pBuffer, uint32_t ReadAddr, uint16_t NumByteToRead)
..\base_src\bsp\bsp_spiflash.c(164): warning:  #940-D: missing return statement at end of non-void function "BSP_SPIFLASH_ReadStatusRegister" 
  }
..\base_src\bsp\bsp_spiflash.c(200): warning:  #940-D: missing return statement at end of non-void function "BSP_SPIFLASH_ReadDeviceID" 
  }
..\base_src\bsp\bsp_spiflash.c: 6 warnings, 0 errors
compiling Drv_MT_Card.c...
../Inc/main.h(223): warning:  #1295-D: Deprecated declaration usr_IWDG_Init - give arg types
  void usr_IWDG_Init();
../Inc/main.h(224): warning:  #1295-D: Deprecated declaration usr_GPIO_Init - give arg types
  void usr_GPIO_Init();
..\base_src\drv\Drv_MT_Card.c: 2 warnings, 0 errors
linking...
Program Size: Code=234064 RO-data=6076 RW-data=1424 ZI-data=66376  
FromELF: creating hex file...
After Build - User command #1: fromelf --bin --output .\Bin\charge_prj.bin .\charge_prj\charge_prj.axf
"charge_prj\charge_prj.axf" - 0 Error(s), 444 Warning(s).

<h2>Software Packages used:</h2>

Package Vendor: ARM
                http://www.keil.com/pack/ARM.CMSIS.5.6.0.pack
                ARM.CMSIS.5.6.0
                CMSIS (Cortex Microcontroller Software Interface Standard)
   * Component: CORE Version: 5.3.0

Package Vendor: Keil
                http://www.keil.com/pack/Keil.STM32F4xx_DFP.2.16.0.pack
                Keil.STM32F4xx_DFP.2.16.0
                STMicroelectronics STM32F4 Series Device Support, Drivers and Examples

<h2>Collection of Component include folders:</h2>
  .\RTE\_charge_prj
  D:\keil\ARM\CMSIS\5.6.0\CMSIS\Core\Include
  D:\keil\Keil\STM32F4xx_DFP\2.16.0\Drivers\CMSIS\Device\ST\STM32F4xx\Include

<h2>Collection of Component Files used:</h2>

   * Component: ARM::CMSIS:CORE:5.3.0
Build Time Elapsed:  00:02:35
</pre>
</body>
</html>
